// Jest Snapshot v1, https://goo.gl/fbAQLP

exports[`pivot retrieves records 1`] = `[MockFunction]`;
